http://bit.ly/18bArwp
http://www.logicbuy.com/opendeal.aspx?deal=44618&afscr=1&pub=arst1023_44618gowascensionps3&prov=SHCOM
http://zdbb.net/commerce/?http%3a%2f%2fwww.tkqlhce.com%2fclick-1727683-10446076%3furl%3dhttp%253A%252F%252Fwww.newegg.com%252FProduct%252FProduct.aspx%253FItem%253DN82E16879261387&provider=logicbuy&productid=44618&price=39.9900&merchant=NewEgg.com&ziffcatid=6569&referrer=logicbuy.com&pubref=arst1023_44618gowascensionps3
http://www.tkqlhce.com/click-1727683-10446076?url=http%3A%2F%2Fwww.newegg.com%2FProduct%2FProduct.aspx%3FItem%3DN82E16879261387
http://cj.dotomi.com/
http://www.emjcd.com/
http://www.newegg.com/Common/AdvancedLinkLanding.aspx?nm_mc=AFC-C8Junction&cm_mmc=AFC-C8Junction-_-na-_-na-_-na&AID=10446076&PID=1727683&URL=http%3A%2F%2Fwww.newegg.com%2FProduct%2FProduct.aspx%3FItem%3DN82E16879261387
http://www.newegg.com/Product/Product.aspx?Item=N82E16879261387&nm_mc=AFC-C8Junction&cm_mmc=AFC-C8Junction-_-na-_-na-_-na&cm_sp=&AID=10446076&PID=1727683&SID=

meta refresh from  http://zdbb.net/commerce/?http%3a%2f%2fwww.tkqlhce.com%2fclic
total redirects: 7
