http://bit.ly/1iKbWfU
http://www.logicbuy.com/opendeal.aspx?deal=44842&afscr=1&pub=arst1105_44842hp32gbplaylist&prov=PRGR
http://zdbb.net/commerce/?http%3a%2f%2fclick.linksynergy.com%2ffs-bin%2fclick%3fid%3ddZCX6Je2w8Q%26subid%3d%26offerid%3d289624.1%26type%3d10%26tmpid%3d11951%26RD_PARM1%3dhttp%253A%252F%252Fshopping.hp.com%252Fen_US%252Fhome-office%252F-%252Fproducts%252FAccessories%252FSpecialty-Products%252FH4D65AA%253FHP-Pocket-Playlist&provider=logicbuy&productid=44842&merchant=HP%20Home&referrer=logicbuy.com&pubref=arst1105_44842hp32gbplaylist
http://click.linksynergy.com/fs-bin/click?id=dZCX6Je2w8Q&subid=&offerid=289624.1&type=10&tmpid=11951&RD_PARM1=http%3A%2F%2Fshopping.hp.com%2Fen_US%2Fhome-office%2F-%2Fproducts%2FAccessories%2FSpecialty-Products%2FH4D65AA%3FHP-Pocket-Playlist
http://shopping.hp.com/en_US/home-office/-/products/Accessories/Specialty-Products/H4D65AA?HP-Pocket-Playlist&jumpid=ba_r329_hhoaffiliate&aid=38293&pbid=dZCX6Je2w8Q&aoid=35252&siteid=dZCX6Je2w8Q
http://store.hp.com/webapp/wcs/stores/servlet/SearchDisplay?searchTerm=H4D65AA&metaauto=not+valid&storeId=10151&catalogId=10051&langId=-1&pageSize=50&beginIndex=0&sType=SimpleSearch&resultCatEntryType=2&showResultsPage=true&searchSource=Q&pageView=list&HP-Pocket-Playlist&jumpid=ba_r329_hhoaffiliate&aid=38293&pbid=dZCX6Je2w8Q&aoid=35252&siteid=dZCX6Je2w8Q

meta refresh from  http://zdbb.net/commerce/?http%3a%2f%2fclick.linksynergy.com%
total redirects: 5
