http://bit.ly/1aYLVck
http://ad.doubleclick.net/clk;277117674;104515724;g?http://shop.lenovo.com/us/en/laptops/thinkpad/x-series/x1-carbon-touch/?cid=US:display:lDtDOc&dfaid=1
http://shop.lenovo.com/us/en/laptops/thinkpad/x-series/x1-carbon-touch/?cid=US:display:lDtDOc&dfaid=1
http://shop.lenovo.com/us/en/laptops/thinkpad/x-series/x1-carbon/?cid=US:display:lDtDOc&dfaid=1

absolute path from http://shop.lenovo.com/us/en/laptops/thinkpad/x-series/x1-car
total redirects: 3
