http://bit.ly/HtZ9lX
http://www.logicbuy.com/opendeal.aspx?deal=47024&afscr=1&pub=arst1105_47024realspacerecliner&prov=PRGR
http://zdbb.net/commerce/?http%3a%2f%2fwww.jdoqocy.com%2fclick-1727683-11263938%3furl%3dhttp%253A%252F%252Flink.mercent.com%252Fredirect.ashx%253Fmr%253AmerchantID%253DOfficeDepot%2526mr%253AtrackingCode%253D9BAD9FB2-3E3E-E311-A755-BC305BF82162%2526mr%253AtargetUrl%253Dhttp%253A%252F%252Fwww.officedepot.com%252Fa%252Fproducts%252F228458%252FRealspace-High-Back-Recliner-With-Ottoman%252F%25253fcm_mmc%25253dCSE-_-%2524%2528Channel%2529%2524-_-Office_Chairs_and_Seating-_-228458-%257Bcopy%253AIQ_PE%257D%26cjsku%3d228458&provider=logicbuy&productid=47024&price=84.9900&merchant=Office%20Depot&ziffcatid=13204&referrer=logicbuy.com&pubref=arst1105_47024realspacerecliner
http://www.jdoqocy.com/click-1727683-11263938?url=http%3A%2F%2Flink.mercent.com%2Fredirect.ashx%3Fmr%3AmerchantID%3DOfficeDepot%26mr%3AtrackingCode%3D9BAD9FB2-3E3E-E311-A755-BC305BF82162%26mr%3AtargetUrl%3Dhttp%3A%2F%2Fwww.officedepot.com%2Fa%2Fproducts%2F228458%2FRealspace-High-Back-Recliner-With-Ottoman%2F%253fcm_mmc%253dCSE-_-%24%28Channel%29%24-_-Office_Chairs_and_Seating-_-228458-%7Bcopy%3AIQ_PE%7D&cjsku=228458
http://cj.dotomi.com/
http://www.emjcd.com/
http://www.officedepot.com/promo/redir.do?url=http%3A%2F%2Flink.mercent.com%2Fredirect.ashx%3Fmr%3AmerchantID%3DOfficeDepot%26mr%3AtrackingCode%3D9BAD9FB2-3E3E-E311-A755-BC305BF82162%26mr%3AtargetUrl%3Dhttp%3A%2F%2Fwww.officedepot.com%2Fa%2Fproducts%2F228458%2FRealspace-High-Back-Recliner-With-Ottoman%2F%253fcm_mmc%253dCSE-_-%24%28Channel%29%24-_-Office_Chairs_and_Seating-_-228458-%7Bcopy%3AIQ_PE%7D&cm_mmc=Affiliates-_-CJ-_-1583972-_-11263938&siteid=CJ_11263938_1727683_
http://link.mercent.com/redirect.ashx?mr:merchantID=OfficeDepot&mr:trackingCode=9BAD9FB2-3E3E-E311-A755-BC305BF82162&mr:targetUrl=http://www.officedepot.com/a/products/228458/Realspace-High-Back-Recliner-With-Ottoman/%3fcm_mmc%3dCSE-_-&#36;&#40;Channel&#41;&#36;-_-Office_Chairs_and_Seating-_-228458-{copy:IQ_PE}&cm_mmc=Affiliates-_-CJ-_-1583972-_-11263938
http://www.officedepot.com/a/products/228458/Realspace-High-Back-Recliner-With-Ottoman/?cm_mmc=CSE-_-&mr:referralID=

meta refresh from  http://zdbb.net/commerce/?http%3a%2f%2fwww.jdoqocy.com%2fclic
total redirects: 8
