http://bit.ly/1c9r7Bt
http://www.logicbuy.com/opendeal.aspx?deal=46850&afscr=1&pub=arst1021_46850toshibaz15t&prov=NXTG
http://zdbb.net/commerce/?http%3a%2f%2fclick.linksynergy.com%2ffs-bin%2fclick%3fid%3ddZCX6Je2w8Q%26subid%3d%26offerid%3d281260.1%26type%3d10%26tmpid%3d13731%26RD_PARM1%3dhttp%253A%252F%252Fwww.toshiba.com%252Fus%252Fcomputers%252Flaptops%252Fportege%252FZ10t%252FZ15t-A1210&provider=logicbuy&productid=46850&price=1099.9900&merchant=ToshibaDirect.com&ziffcatid=12711&referrer=logicbuy.com&pubref=arst1021_46850toshibaz15t
http://click.linksynergy.com/fs-bin/click?id=dZCX6Je2w8Q&subid=&offerid=281260.1&type=10&tmpid=13731&RD_PARM1=http%3A%2F%2Fwww.toshiba.com%2Fus%2Fcomputers%2Flaptops%2Fportege%2FZ10t%2FZ15t-A1210
http://www.toshiba.com/us/?src=MAKX&cm_mmc=Affiliates-_-Linkshare&siteID=dZCX6Je2w8Q

meta refresh from  http://zdbb.net/commerce/?http%3a%2f%2fclick.linksynergy.com%
total redirects: 4
