http://ift.tt/1gLewTn
https://www.facebook.com/photo.php?fbid=10152572961694741&set=a.10152523012949741.1073741826.699139740&type=1
https://www.facebook.com/photo.php?fbid=10152572961694741&set=a.10152523012949741.1073741826.699139740&type=1&_fb_noscript=1

meta refresh from  https://www.facebook.com/photo.php?fbid=10152572961694741&set
absolute path from https://www.facebook.com/photo.php?fbid=10152572961694741&set
total redirects: 2
