http://t.co/2V0HctQdnr
http://ohmyyy.gt/QEgaC3
http://po.st/scms/OrMCe04Lcp0lOFmbgsS6MImU3jBh6iZ9cTgKQLpd05IlOAo/QEgaC3
http://ohmyyy.gt/scmf//QEgaC3
http://www.amazon.com/ounce-OCK-black-handle-Coffee/dp/B00IYY4SES/ref=sr_1_7?tag=tweetgt-20

total redirects: 4
