http://t.co/mWfAwPy5O7
http://ow.ly/yfUzo
http://popwatch.ew.com/2014/06/19/george-takei-documentary-to-be-takei-release/

total redirects: 2
