http://zdbb.net/u/27t
http://www.logicbuy.com/opendeal.aspx?deal=44092&afscr=1&pub=0617_ars_44092_bh_monitor_viewsonic27&referrer=logicbuy.com&prov=PRGR
http://zdbb.net/commerce/?http%3a%2f%2flogicbuy.pgpartner.com%2frd.php%3fpg%3d%7e%7e10%26r%3d482%26z%3d20001%26m%3d1049464384%26mt%3d1%7e3%7e282.82%7e269.99%7e277.60%7e%7e%7elogicbuy_0617_ars_44092_bh_monitor_viewsonic27%7ey%7e%7e%7e%7e%7e%26q%3dm%26rdgt%3d1403277184%26dl%3d1%26source%3dxmlapi%26request_id%3d539d6d4e4ac926622dc0f28a7db8e333%26ret%3d1403277184%26k%3d57e4665c065827aaad020e1f8f265c22&provider=PriceGrabber&productid=1049464384&price=$279.99&merchant=B&H%20Photo-Video&ziffcatid=8044&referrer=logicbuy.com&pubref=0617_ars_44092_bh_monitor_viewsonic27
http://logicbuy.pgpartner.com/rd.php?pg=~~10&r=482&z=20001&m=1049464384&mt=1~3~282.82~269.99~277.60~~~logicbuy_0617_ars_44092_bh_monitor_viewsonic27~y~~~~~&q=m&rdgt=1403277184&dl=1&source=xmlapi&request_id=539d6d4e4ac926622dc0f28a7db8e333&ret=1403277184&k=57e4665c065827aaad020e1f8f265c22
http://logicbuy.pgpartner.com/rd.php?pg=~~10&r=482&z=20001&m=1049464384&mt=1~3~282.82~269.99~277.60~~~logicbuy_0617_ars_44092_bh_monitor_viewsonic27~y~~~~~&q=m&rdgt=1403277184&dl=1&source=xmlapi&request_id=539d6d4e4ac926622dc0f28a7db8e333&ret=1403277184&k=57e4665c065827aaad020e1f8f265c22&ut=
http://www.bhphotovideo.com/bnh/controller/home?O=productlist.jsp&A=cart&Q=add&sku=886170&is=REG&q=1&BI=517&kw=VIVX2770SML&m=Y
http://www.bhphotovideo.com/bnh/controller/home?O=productlist.jsp&sku=886170&q=1&Q=add&m=Y&is=REG&A=cart

meta refresh from  http://zdbb.net/u/27t
meta refresh from  http://zdbb.net/commerce/?http%3a%2f%2flogicbuy.pgpartner.com
total redirects: 6
