http://zdbb.net/u/2aq
http://adfarm.mediaplex.com/ad/ck/12309-201646-3601-46?DURL=http%3A%2F%2Faccessories.us.dell.com%2Fsna%2Fproductdetail.aspx%3Fc%3Dus%26l%3Den%26s%3Ddhs%26cs%3D19%26sku%3DA7707503%20
http://lt.dell.com/lt/lt.aspx?CID=277653&LID=5237896&DGC=BA&DGSeg=DHS&ACD=12309201646360146&DURL=http%3A%2F%2Faccessories.us.dell.com%2Fsna%2Fproductdetail.aspx%3Fc%3Dus%26l%3Den%26s%3Ddhs%26cs%3D19%26sku%3DA7707503%20
http://lt.dell.com/lt/LT.aspx?CID=277653&LID=5237896&DGC=BA&DGSeg=DHS&ACD=12309201646360146&DURL=http%3A%2F%2Faccessories.us.dell.com%2Fsna%2Fproductdetail.aspx%3Fc%3Dus%26l%3Den%26s%3Ddhs%26cs%3D19%26sku%3DA7707503%20&Visits=1
http://accessories.us.dell.com/sna/productdetail.aspx?c=us&l=en&s=dhs&cs=19&sku=A7707503%20&dgc=BA&cid=277653&lid=5237896&acd=12309201646360146

meta refresh from  http://zdbb.net/u/2aq
meta refresh from  http://adfarm.mediaplex.com/ad/ck/12309-201646-3601-46?DURL=h
absolute path from http://lt.dell.com/lt/lt.aspx?CID=277653&LID=5237896&DGC=BA&D
total redirects: 4
