http://zdbb.net/u/pd
http://adfarm.mediaplex.com/ad/ck/12309-196588-3601-49?DURL=http%3A%2F%2Fwww.dell.com%2Fus%2Fp%2Fxps-11-9p33%2Fpd.aspx%3F~ck%3Dmn
http://lt.dell.com/lt/lt.aspx?CID=274207&LID=5128525&DGC=BA&DGSeg=DHS&ACD=12309196588360149&DURL=http%3A%2F%2Fwww.dell.com%2Fus%2Fp%2Fxps-11-9p33%2Fpd.aspx%3F~ck%3Dmn
http://lt.dell.com/lt/LT.aspx?CID=274207&LID=5128525&DGC=BA&DGSeg=DHS&ACD=12309196588360149&DURL=http%3A%2F%2Fwww.dell.com%2Fus%2Fp%2Fxps-11-9p33%2Fpd.aspx%3F~ck%3Dmn&Visits=1
http://www.dell.com/us/p/xps-11-9p33/pd.aspx?~ck=mn&dgc=BA&cid=274207&lid=5128525&acd=12309196588360149

meta refresh from  http://zdbb.net/u/pd
meta refresh from  http://adfarm.mediaplex.com/ad/ck/12309-196588-3601-49?DURL=h
absolute path from http://lt.dell.com/lt/lt.aspx?CID=274207&LID=5128525&DGC=BA&D
total redirects: 4
